{
  "version": "1.5.0",
  "plugins_used": [
    {
      "name": "ArtifactoryDetector"
    },
    {
      "name": "AWSKeyDetector"
    },
    {
      "name": "AzureStorageKeyDetector"
    },
    {
      "name": "Base64HighEntropyString",
      "limit": 4.5
    },
    {
      "name": "BasicAuthDetector"
    },
    {
      "name": "CloudantDetector"
    },
    {
      "name": "DiscordBotTokenDetector"
    },
    {
      "name": "GitHubTokenDetector"
    },
    {
      "name": "GitLabTokenDetector"
    },
    {
      "name": "HexHighEntropyString",
      "limit": 3.0
    },
    {
      "name": "IbmCloudIamDetector"
    },
    {
      "name": "IbmCosHmacDetector"
    },
    {
      "name": "IPPublicDetector"
    },
    {
      "name": "JwtTokenDetector"
    },
    {
      "name": "KeywordDetector",
      "keyword_exclude": ""
    },
    {
      "name": "MailchimpDetector"
    },
    {
      "name": "NpmDetector"
    },
    {
      "name": "OpenAIDetector"
    },
    {
      "name": "PrivateKeyDetector"
    },
    {
      "name": "PypiTokenDetector"
    },
    {
      "name": "SendGridDetector"
    },
    {
      "name": "SlackDetector"
    },
    {
      "name": "SoftlayerDetector"
    },
    {
      "name": "SquareOAuthDetector"
    },
    {
      "name": "StripeDetector"
    },
    {
      "name": "TelegramBotTokenDetector"
    },
    {
      "name": "TwilioKeyDetector"
    }
  ],
  "filters_used": [
    {
      "path": "detect_secrets.filters.allowlist.is_line_allowlisted"
    },
    {
      "path": "detect_secrets.filters.common.is_ignored_due_to_verification_policies",
      "min_level": 2
    },
    {
      "path": "detect_secrets.filters.heuristic.is_indirect_reference"
    },
    {
      "path": "detect_secrets.filters.heuristic.is_likely_id_string"
    },
    {
      "path": "detect_secrets.filters.heuristic.is_lock_file"
    },
    {
      "path": "detect_secrets.filters.heuristic.is_not_alphanumeric_string"
    },
    {
      "path": "detect_secrets.filters.heuristic.is_potential_uuid"
    },
    {
      "path": "detect_secrets.filters.heuristic.is_prefixed_with_dollar_sign"
    },
    {
      "path": "detect_secrets.filters.heuristic.is_sequential_string"
    },
    {
      "path": "detect_secrets.filters.heuristic.is_swagger_file"
    },
    {
      "path": "detect_secrets.filters.heuristic.is_templated_secret"
    },
    {
      "path": "detect_secrets.filters.regex.should_exclude_file",
      "pattern": [
        "package-lock\\.json|\\.env\\.example|\\.env$|node_modules|\\.venv|\\.git/"
      ]
    }
  ],
  "results": {
    ".devcontainer/devcontainer.json": [
      {
        "type": "Basic Auth Credentials",
        "filename": ".devcontainer/devcontainer.json",
        "hashed_secret": "afc848c316af1a89d49826c5ae9d00ed769415f3",
        "is_verified": false,
        "line_number": 122
      }
    ],
    ".github/workflows/ci.yml": [
      {
        "type": "Secret Keyword",
        "filename": ".github/workflows/ci.yml",
        "hashed_secret": "a94a8fe5ccb19ba61c4c0873d391e987982fbbd3",
        "is_verified": false,
        "line_number": 30
      },
      {
        "type": "Basic Auth Credentials",
        "filename": ".github/workflows/ci.yml",
        "hashed_secret": "a94a8fe5ccb19ba61c4c0873d391e987982fbbd3",
        "is_verified": false,
        "line_number": 90
      },
      {
        "type": "Secret Keyword",
        "filename": ".github/workflows/ci.yml",
        "hashed_secret": "b71d494da8d930401ba9b32b7cef87295f3eb6d3",
        "is_verified": false,
        "line_number": 92
      }
    ],
    ".github/workflows/compliance-gate.yml": [
      {
        "type": "Secret Keyword",
        "filename": ".github/workflows/compliance-gate.yml",
        "hashed_secret": "099011ef86eff0bc535531a3dd85e2b9b532442d",
        "is_verified": false,
        "line_number": 56
      },
      {
        "type": "Secret Keyword",
        "filename": ".github/workflows/compliance-gate.yml",
        "hashed_secret": "e74425a5b48c2e6fa2a993d2c483127de3a48425",
        "is_verified": false,
        "line_number": 56
      }
    ],
    "backend/app/services/client_sdk/service.py": [
      {
        "type": "Secret Keyword",
        "filename": "backend/app/services/client_sdk/service.py",
        "hashed_secret": "05c1b9a0d4fc89a035009db0088b4831773a22e6",
        "is_verified": false,
        "line_number": 51
      }
    ],
    "backend/app/services/iac_scanner/models.py": [
      {
        "type": "Secret Keyword",
        "filename": "backend/app/services/iac_scanner/models.py",
        "hashed_secret": "e47635f425673106a87ba8a276cc8ff35855cda5",
        "is_verified": false,
        "line_number": 56
      }
    ],
    "backend/app/services/iac_scanner/service.py": [
      {
        "type": "Secret Keyword",
        "filename": "backend/app/services/iac_scanner/service.py",
        "hashed_secret": "327a55f82dc6818877a68e37b722bb7f2360b633",
        "is_verified": false,
        "line_number": 1131
      }
    ],
    "backend/app/services/self_hosted/air_gap.py": [
      {
        "type": "Secret Keyword",
        "filename": "backend/app/services/self_hosted/air_gap.py",
        "hashed_secret": "a6ade3ff544b3894f2b8832897f17c061ec7dac3",
        "is_verified": false,
        "line_number": 165
      }
    ],
    "backend/app/services/templates/audit_templates.py": [
      {
        "type": "Secret Keyword",
        "filename": "backend/app/services/templates/audit_templates.py",
        "hashed_secret": "94732424e16be827cd46aa294394ab3ce93b55f4",
        "is_verified": false,
        "line_number": 41
      }
    ],
    "backend/tests/api/test_auth.py": [
      {
        "type": "Secret Keyword",
        "filename": "backend/tests/api/test_auth.py",
        "hashed_secret": "44cdfc3615970ada14420caaaa5c5745fca06002",
        "is_verified": false,
        "line_number": 19
      },
      {
        "type": "Secret Keyword",
        "filename": "backend/tests/api/test_auth.py",
        "hashed_secret": "c18006fc138809314751cd1991f1e0b820fabd37",
        "is_verified": false,
        "line_number": 48
      },
      {
        "type": "Secret Keyword",
        "filename": "backend/tests/api/test_auth.py",
        "hashed_secret": "d8ecf7db8fc9ec9c31bc5c9ae2929cc599c75f8d",
        "is_verified": false,
        "line_number": 63
      }
    ],
    "backend/tests/e2e/conftest.py": [
      {
        "type": "Secret Keyword",
        "filename": "backend/tests/e2e/conftest.py",
        "hashed_secret": "f865b53623b121fd34ee5426c792e5c33af8c227",
        "is_verified": false,
        "line_number": 17
      }
    ],
    "backend/tests/services/test_chat.py": [
      {
        "type": "Secret Keyword",
        "filename": "backend/tests/services/test_chat.py",
        "hashed_secret": "f2b14f68eb995facb3a1c35287b778d5bd785511",
        "is_verified": false,
        "line_number": 496
      }
    ],
    "backend/tests/services/test_copilot.py": [
      {
        "type": "Secret Keyword",
        "filename": "backend/tests/services/test_copilot.py",
        "hashed_secret": "2e7a7ee14caebf378fc32d6cf6f557f347c96773",
        "is_verified": false,
        "line_number": 45
      },
      {
        "type": "Secret Keyword",
        "filename": "backend/tests/services/test_copilot.py",
        "hashed_secret": "3acfb2c2b433c0ea7ff107e33df91b18e52f960f",
        "is_verified": false,
        "line_number": 353
      }
    ],
    "backend/tests/services/test_gitlab.py": [
      {
        "type": "Secret Keyword",
        "filename": "backend/tests/services/test_gitlab.py",
        "hashed_secret": "dfa6e749915fd35da7ef619ca8416bc384e3587d",
        "is_verified": false,
        "line_number": 441
      },
      {
        "type": "Basic Auth Credentials",
        "filename": "backend/tests/services/test_gitlab.py",
        "hashed_secret": "cbfdac6008f9cab4083784cbd1874f76618d2a97",
        "is_verified": false,
        "line_number": 442
      },
      {
        "type": "Secret Keyword",
        "filename": "backend/tests/services/test_gitlab.py",
        "hashed_secret": "f8c60c20ac8d18a473e33172af948156de714f0b",
        "is_verified": false,
        "line_number": 443
      }
    ],
    "backend/tests/services/test_nextgen_v3_features.py": [
      {
        "type": "Hex High Entropy String",
        "filename": "backend/tests/services/test_nextgen_v3_features.py",
        "hashed_secret": "b4c9248600a42f8c38c01b632f392dbcb4c7b19a",
        "is_verified": false,
        "line_number": 36
      }
    ],
    "backend/tests/services/test_notification.py": [
      {
        "type": "Secret Keyword",
        "filename": "backend/tests/services/test_notification.py",
        "hashed_secret": "5baa61e4c9b93f3f0682250b6cf8331b7ee68fd8",
        "is_verified": false,
        "line_number": 31
      }
    ],
    "backend/tests/services/test_security.py": [
      {
        "type": "Secret Keyword",
        "filename": "backend/tests/services/test_security.py",
        "hashed_secret": "1cf4c502ddd89b918c4bfefea76dadd590693b48",
        "is_verified": false,
        "line_number": 47
      }
    ],
    "docker/docker-compose.minimal.yml": [
      {
        "type": "Secret Keyword",
        "filename": "docker/docker-compose.minimal.yml",
        "hashed_secret": "4eb80ed7370d134fdd1e9f869be223fd8360f92f",
        "is_verified": false,
        "line_number": 17
      }
    ],
    "docker/docker-compose.quickstart.yml": [
      {
        "type": "Secret Keyword",
        "filename": "docker/docker-compose.quickstart.yml",
        "hashed_secret": "4eb80ed7370d134fdd1e9f869be223fd8360f92f",
        "is_verified": false,
        "line_number": 16
      },
      {
        "type": "Secret Keyword",
        "filename": "docker/docker-compose.quickstart.yml",
        "hashed_secret": "03a05407905070e94bef1cb78e83697ac23e85cc",
        "is_verified": false,
        "line_number": 55
      }
    ],
    "docs/api/reference.md": [
      {
        "type": "Secret Keyword",
        "filename": "docs/api/reference.md",
        "hashed_secret": "463d8353f4b927fd953e5af7c41084183e8ce5fb",
        "is_verified": false,
        "line_number": 48
      }
    ],
    "docs/api/sdk.md": [
      {
        "type": "Secret Keyword",
        "filename": "docs/api/sdk.md",
        "hashed_secret": "45d676e7c6ab44cf4b8fa366ef2d8fccd3e6d6e6",
        "is_verified": false,
        "line_number": 55
      }
    ],
    "docs/deployment/README.md": [
      {
        "type": "Basic Auth Credentials",
        "filename": "docs/deployment/README.md",
        "hashed_secret": "9d4e1e23bd5b727046a9e3b4b7db57bd8d6ee684",
        "is_verified": false,
        "line_number": 447
      }
    ],
    "docs/development/README.md": [
      {
        "type": "Basic Auth Credentials",
        "filename": "docs/development/README.md",
        "hashed_secret": "4eb80ed7370d134fdd1e9f869be223fd8360f92f",
        "is_verified": false,
        "line_number": 540
      }
    ],
    "docs/development/backend.md": [
      {
        "type": "Basic Auth Credentials",
        "filename": "docs/development/backend.md",
        "hashed_secret": "4eb80ed7370d134fdd1e9f869be223fd8360f92f",
        "is_verified": false,
        "line_number": 123
      }
    ],
    "docs/development/testing.md": [
      {
        "type": "Secret Keyword",
        "filename": "docs/development/testing.md",
        "hashed_secret": "463d8353f4b927fd953e5af7c41084183e8ce5fb",
        "is_verified": false,
        "line_number": 203
      },
      {
        "type": "Secret Keyword",
        "filename": "docs/development/testing.md",
        "hashed_secret": "7261c26675da26ca517de8a406d9ee3f099bd18b",
        "is_verified": false,
        "line_number": 236
      },
      {
        "type": "Secret Keyword",
        "filename": "docs/development/testing.md",
        "hashed_secret": "9da133c45f71d2bb9d5eb7cfa6fce7cdb6a215b5",
        "is_verified": false,
        "line_number": 253
      },
      {
        "type": "Secret Keyword",
        "filename": "docs/development/testing.md",
        "hashed_secret": "3acfb2c2b433c0ea7ff107e33df91b18e52f960f",
        "is_verified": false,
        "line_number": 368
      },
      {
        "type": "Secret Keyword",
        "filename": "docs/development/testing.md",
        "hashed_secret": "87d16dfa541cba89985b4e7ccc4126798c92332a",
        "is_verified": false,
        "line_number": 757
      }
    ],
    "docs/frameworks/iso27001.md": [
      {
        "type": "Secret Keyword",
        "filename": "docs/frameworks/iso27001.md",
        "hashed_secret": "6d53789af8f205e6ad5e015393ce2c16eed6c1ac",
        "is_verified": false,
        "line_number": 190
      }
    ],
    "docs/frameworks/soc2.md": [
      {
        "type": "Basic Auth Credentials",
        "filename": "docs/frameworks/soc2.md",
        "hashed_secret": "2eec374681b67acd87af8e38a0052d66a28273eb",
        "is_verified": false,
        "line_number": 87
      }
    ],
    "docs/guides/configuration.md": [
      {
        "type": "Basic Auth Credentials",
        "filename": "docs/guides/configuration.md",
        "hashed_secret": "5baa61e4c9b93f3f0682250b6cf8331b7ee68fd8",
        "is_verified": false,
        "line_number": 112
      },
      {
        "type": "Basic Auth Credentials",
        "filename": "docs/guides/configuration.md",
        "hashed_secret": "4eb80ed7370d134fdd1e9f869be223fd8360f92f",
        "is_verified": false,
        "line_number": 116
      },
      {
        "type": "Private Key",
        "filename": "docs/guides/configuration.md",
        "hashed_secret": "be4fc4886bd949b369d5e092eb87494f12e57e5b",
        "is_verified": false,
        "line_number": 297
      },
      {
        "type": "Secret Keyword",
        "filename": "docs/guides/configuration.md",
        "hashed_secret": "33f220dd67f717cc949db63e21c90e130a6137da",
        "is_verified": false,
        "line_number": 481
      }
    ],
    "docs/guides/getting-started.md": [
      {
        "type": "Basic Auth Credentials",
        "filename": "docs/guides/getting-started.md",
        "hashed_secret": "4eb80ed7370d134fdd1e9f869be223fd8360f92f",
        "is_verified": false,
        "line_number": 119
      },
      {
        "type": "Private Key",
        "filename": "docs/guides/getting-started.md",
        "hashed_secret": "be4fc4886bd949b369d5e092eb87494f12e57e5b",
        "is_verified": false,
        "line_number": 135
      },
      {
        "type": "Secret Keyword",
        "filename": "docs/guides/getting-started.md",
        "hashed_secret": "463d8353f4b927fd953e5af7c41084183e8ce5fb",
        "is_verified": false,
        "line_number": 147
      }
    ],
    "docs/guides/security.md": [
      {
        "type": "Basic Auth Credentials",
        "filename": "docs/guides/security.md",
        "hashed_secret": "a761ce3a45d97e41840a788495e85a70d1bb3815",
        "is_verified": false,
        "line_number": 317
      },
      {
        "type": "Secret Keyword",
        "filename": "docs/guides/security.md",
        "hashed_secret": "c4e2f9311369460f7302b54d50356a86adc87f97",
        "is_verified": false,
        "line_number": 318
      }
    ],
    "docs/guides/troubleshooting.md": [
      {
        "type": "Basic Auth Credentials",
        "filename": "docs/guides/troubleshooting.md",
        "hashed_secret": "4eb80ed7370d134fdd1e9f869be223fd8360f92f",
        "is_verified": false,
        "line_number": 124
      },
      {
        "type": "Secret Keyword",
        "filename": "docs/guides/troubleshooting.md",
        "hashed_secret": "5baa61e4c9b93f3f0682250b6cf8331b7ee68fd8",
        "is_verified": false,
        "line_number": 268
      }
    ],
    "examples/README.md": [
      {
        "type": "Base64 High Entropy String",
        "filename": "examples/README.md",
        "hashed_secret": "9e38aa6b41ad41fd8509e34b0c73503bb71ed927",
        "is_verified": false,
        "line_number": 36
      }
    ],
    "frontend/tests/e2e/auth.spec.ts": [
      {
        "type": "Secret Keyword",
        "filename": "frontend/tests/e2e/auth.spec.ts",
        "hashed_secret": "382caa7c44ee23ee25616f7e303af33c591efc3a",
        "is_verified": false,
        "line_number": 21
      }
    ],
    "scripts/seed.py": [
      {
        "type": "Secret Keyword",
        "filename": "scripts/seed.py",
        "hashed_secret": "6ea7ccdcf642953a24672d10b0d32cef576e0329",
        "is_verified": false,
        "line_number": 35
      }
    ],
    "shared/compliance-sdk-python/complianceagent/config.py": [
      {
        "type": "Secret Keyword",
        "filename": "shared/compliance-sdk-python/complianceagent/config.py",
        "hashed_secret": "11fa7c37d697f30e6aee828b4426a10f83ab2380",
        "is_verified": false,
        "line_number": 154
      }
    ],
    "shared/compliance-sdk-python/tests/test_sdk.py": [
      {
        "type": "Secret Keyword",
        "filename": "shared/compliance-sdk-python/tests/test_sdk.py",
        "hashed_secret": "3acfb2c2b433c0ea7ff107e33df91b18e52f960f",
        "is_verified": false,
        "line_number": 48
      }
    ],
    "website/docs/api/authentication.md": [
      {
        "type": "Secret Keyword",
        "filename": "website/docs/api/authentication.md",
        "hashed_secret": "0d1ba0da3e84e54f29846c93c43182eede365858",
        "is_verified": false,
        "line_number": 170
      },
      {
        "type": "Secret Keyword",
        "filename": "website/docs/api/authentication.md",
        "hashed_secret": "58898d1866bafc5fa32b395e7c97b80305ef430f",
        "is_verified": false,
        "line_number": 215
      },
      {
        "type": "Secret Keyword",
        "filename": "website/docs/api/authentication.md",
        "hashed_secret": "c5446b0fb1ecba7053b8da1178730afc73787e8b",
        "is_verified": false,
        "line_number": 239
      }
    ],
    "website/docs/api/compliance.md": [
      {
        "type": "Hex High Entropy String",
        "filename": "website/docs/api/compliance.md",
        "hashed_secret": "90bd1b48e958257948487b90bee080ba5ed00caa",
        "is_verified": false,
        "line_number": 174
      }
    ],
    "website/docs/api/overview.md": [
      {
        "type": "Secret Keyword",
        "filename": "website/docs/api/overview.md",
        "hashed_secret": "c64f423dda3602ef5e2cede27e0520cd505166bc",
        "is_verified": false,
        "line_number": 252
      }
    ],
    "website/docs/api/quickstart.md": [
      {
        "type": "Secret Keyword",
        "filename": "website/docs/api/quickstart.md",
        "hashed_secret": "87a5db976a57c311b664c541870f99836348ba40",
        "is_verified": false,
        "line_number": 95
      },
      {
        "type": "Secret Keyword",
        "filename": "website/docs/api/quickstart.md",
        "hashed_secret": "e74f299bb8d34c3a1bbfaace8651b847ea8ec853",
        "is_verified": false,
        "line_number": 542
      }
    ],
    "website/docs/api/repositories.md": [
      {
        "type": "Secret Keyword",
        "filename": "website/docs/api/repositories.md",
        "hashed_secret": "a5aa8c108715d08777130833538183a80e6aad92",
        "is_verified": false,
        "line_number": 368
      }
    ],
    "website/docs/core-concepts/regulatory-monitoring.md": [
      {
        "type": "Secret Keyword",
        "filename": "website/docs/core-concepts/regulatory-monitoring.md",
        "hashed_secret": "38abc48c1eb5838519ab0372fbf38f1eb0f3f73c",
        "is_verified": false,
        "line_number": 287
      }
    ],
    "website/docs/deployment/docker.md": [
      {
        "type": "Basic Auth Credentials",
        "filename": "website/docs/deployment/docker.md",
        "hashed_secret": "5baa61e4c9b93f3f0682250b6cf8331b7ee68fd8",
        "is_verified": false,
        "line_number": 71
      }
    ],
    "website/docs/deployment/environment-variables.md": [
      {
        "type": "Basic Auth Credentials",
        "filename": "website/docs/deployment/environment-variables.md",
        "hashed_secret": "9d4e1e23bd5b727046a9e3b4b7db57bd8d6ee684",
        "is_verified": false,
        "line_number": 18
      },
      {
        "type": "Basic Auth Credentials",
        "filename": "website/docs/deployment/environment-variables.md",
        "hashed_secret": "5baa61e4c9b93f3f0682250b6cf8331b7ee68fd8",
        "is_verified": false,
        "line_number": 246
      }
    ],
    "website/docs/deployment/kubernetes.md": [
      {
        "type": "Secret Keyword",
        "filename": "website/docs/deployment/kubernetes.md",
        "hashed_secret": "29b8dca3de5ff27bcf8bd3b622adf9970f29381c",
        "is_verified": false,
        "line_number": 226
      },
      {
        "type": "Basic Auth Credentials",
        "filename": "website/docs/deployment/kubernetes.md",
        "hashed_secret": "9d4e1e23bd5b727046a9e3b4b7db57bd8d6ee684",
        "is_verified": false,
        "line_number": 227
      }
    ],
    "website/docs/getting-started/configuration.md": [
      {
        "type": "Basic Auth Credentials",
        "filename": "website/docs/getting-started/configuration.md",
        "hashed_secret": "9d4e1e23bd5b727046a9e3b4b7db57bd8d6ee684",
        "is_verified": false,
        "line_number": 18
      },
      {
        "type": "Secret Keyword",
        "filename": "website/docs/getting-started/configuration.md",
        "hashed_secret": "33f220dd67f717cc949db63e21c90e130a6137da",
        "is_verified": false,
        "line_number": 19
      },
      {
        "type": "Basic Auth Credentials",
        "filename": "website/docs/getting-started/configuration.md",
        "hashed_secret": "afc848c316af1a89d49826c5ae9d00ed769415f3",
        "is_verified": false,
        "line_number": 74
      },
      {
        "type": "Basic Auth Credentials",
        "filename": "website/docs/getting-started/configuration.md",
        "hashed_secret": "5baa61e4c9b93f3f0682250b6cf8331b7ee68fd8",
        "is_verified": false,
        "line_number": 97
      },
      {
        "type": "Private Key",
        "filename": "website/docs/getting-started/configuration.md",
        "hashed_secret": "be4fc4886bd949b369d5e092eb87494f12e57e5b",
        "is_verified": false,
        "line_number": 262
      }
    ],
    "website/docs/getting-started/installation.md": [
      {
        "type": "Secret Keyword",
        "filename": "website/docs/getting-started/installation.md",
        "hashed_secret": "463d8353f4b927fd953e5af7c41084183e8ce5fb",
        "is_verified": false,
        "line_number": 223
      }
    ],
    "website/docs/guides/audit-trails.md": [
      {
        "type": "Hex High Entropy String",
        "filename": "website/docs/guides/audit-trails.md",
        "hashed_secret": "90bd1b48e958257948487b90bee080ba5ed00caa",
        "is_verified": false,
        "line_number": 51
      }
    ],
    "website/docs/guides/ide-integration.md": [
      {
        "type": "Secret Keyword",
        "filename": "website/docs/guides/ide-integration.md",
        "hashed_secret": "11fa7c37d697f30e6aee828b4426a10f83ab2380",
        "is_verified": false,
        "line_number": 38
      }
    ]
  },
  "generated_at": "2026-02-28T05:12:24Z"
}
